[14:25:10] [ServerMain/INFO]: [bootstrap] Running Java 21 (Java HotSpot(TM) 64-Bit Server VM 21.0.11+9-LTS-211; Oracle Corporation null) on Windows 11 10.0 (amd64)
[14:25:10] [ServerMain/INFO]: [bootstrap] Loading Paper 1.21.1-133-ver/1.21.1@3cb8529 (2025-03-28T16:14:36Z) for Minecraft 1.21.1
[14:25:11] [ServerMain/INFO]: [PluginInitializerManager] Initializing plugins...
[14:25:12] [ServerMain/INFO]: [PluginInitializerManager] Initialized 2 plugins
[14:25:12] [ServerMain/INFO]: [PluginInitializerManager] Bukkit plugins (2):
 - Essentials (2.21.0), Oneblock (1.6.1a)
[14:25:17] [ServerMain/INFO]: Environment: Environment[sessionHost=https://sessionserver.mojang.com, servicesHost=https://api.minecraftservices.com, name=PROD]
[14:25:20] [ServerMain/INFO]: Loaded 1290 recipes
[14:25:20] [ServerMain/INFO]: Loaded 1399 advancements
[14:25:21] [Server thread/INFO]: Starting minecraft server version 1.21.1
[14:25:21] [Server thread/INFO]: Loading properties
[14:25:21] [Server thread/INFO]: This server is running Paper version 1.21.1-133-ver/1.21.1@3cb8529 (2025-03-28T16:14:36Z) (Implementing API version 1.21.1-R0.1-SNAPSHOT)
[14:25:22] [Server thread/INFO]: [spark] This server bundles the spark profiler. For more information please visit https://docs.papermc.io/paper/profiling
[14:25:22] [Server thread/INFO]: Server Ping Player Sample Count: 12
[14:25:22] [Server thread/INFO]: Using 4 threads for Netty based IO
[14:25:23] [Server thread/INFO]: [ChunkTaskScheduler] Chunk system is using 1 I/O threads, 3 worker threads, and population gen parallelism of 3 threads
[14:25:23] [Server thread/INFO]: Default game type: SURVIVAL
[14:25:23] [Server thread/INFO]: Generating keypair
[14:25:23] [Server thread/INFO]: Starting Minecraft server on 26.168.110.40:25565
[14:25:23] [Server thread/INFO]: Using default channel type
[14:25:23] [Server thread/INFO]: Paper: Using Java compression from Velocity.
[14:25:23] [Server thread/INFO]: Paper: Using Java cipher from Velocity.
[14:25:24] [Server thread/INFO]: [Oneblock] Loading server plugin Oneblock v1.6.1a
[14:25:24] [Server thread/INFO]: [Essentials] Loading server plugin Essentials v2.21.0
[14:25:24] [Server thread/INFO]: Server permissions file permissions.yml is empty, ignoring it
[14:25:24] [Server thread/INFO]: Preparing level "world"
[14:25:25] [Server thread/INFO]: Preparing start region for dimension minecraft:overworld
[14:25:25] [Server thread/INFO]: Time elapsed: 324 ms
[14:25:25] [Server thread/INFO]: Preparing start region for dimension minecraft:the_nether
[14:25:25] [Server thread/INFO]: Time elapsed: 181 ms
[14:25:25] [Server thread/INFO]: Preparing start region for dimension minecraft:the_end
[14:25:26] [Server thread/INFO]: Time elapsed: 410 ms
[14:25:26] [Server thread/INFO]: [Oneblock] Enabling Oneblock v1.6.1a
[14:25:26] [Server thread/INFO]: [Oneblock] 
█▀█ ░░░░ ░░░ █▀▄ ░░░ ░░░ ░░░ ░░░
█░█ █▄░█ █▀▀ █▄▀ █░░ █▀█ █▀▀ █▄▀
█▄█ █░▀█ ██▄ █▄▀ █▄▄ █▄█ █▄▄ █░█

by MrMarL
[14:25:26] [Server thread/INFO]: [Oneblock] Custom block support mode: basic
[14:25:26] [Server thread/INFO]: [Oneblock] Database usage is turned off in the configuration
[14:25:26] [Server thread/INFO]: [Oneblock] Using JSON storage
[14:25:26] [Server thread/INFO]: [Oneblock] Loaded 2 general rewards and 0 level-specific reward sets
[14:25:26] [Server thread/INFO]: [Essentials] Enabling Essentials v2.21.0
[14:25:26] [Server thread/WARN]: [Essentials] Beginning Adventure locale file conversion.
[14:25:27] [Server thread/ERROR]: [Essentials] 你正在執行不受支援的伺服器版本！
[14:25:27] [Server thread/INFO]: [Essentials] 從模版建立設定檔：plugins\Essentials\config.yml
[14:25:27] [Server thread/WARN]: [Essentials] Missing userdata folder, aborting
[14:25:27] [Server thread/INFO]: [Essentials] 從模版建立設定檔：plugins\Essentials\kits.yml
[14:25:27] [Server thread/INFO]: [Essentials] Attempting to convert old kits in config.yml to new kits.yml
[14:25:27] [Server thread/INFO]: [Essentials] No kits found to migrate.
[14:25:27] [Server thread/INFO]: [Essentials] Starting Essentials ban format conversion
[14:25:27] [Server thread/INFO]: [Essentials] Attempting to migrate ignore list to UUIDs
[14:25:27] [Server thread/INFO]: [Essentials] Attempting to migrate legacy userdata keys to Configurate
[14:25:27] [Server thread/INFO]: [Essentials] Done converting random teleport config.
[14:25:27] [Server thread/INFO]: [Essentials] 從模版建立設定檔：plugins\Essentials\worth.yml
[14:25:27] [Server thread/INFO]: [Essentials] Selected 1.11+ Item Unbreakable Provider as the provider for ItemUnbreakableProvider
[14:25:27] [Server thread/INFO]: [Essentials] Selected Paper Known Commands Provider as the provider for KnownCommandsProvider
[14:25:27] [Server thread/INFO]: [Essentials] Selected Paper Serialization Provider as the provider for SerializationProvider
[14:25:27] [Server thread/INFO]: [Essentials] Selected Paper Tick Count Provider as the provider for TickCountProvider
[14:25:27] [Server thread/INFO]: [Essentials] Selected Reflection Online Mode Provider as the provider for OnlineModeProvider
[14:25:27] [Server thread/INFO]: [Essentials] Selected 1.13+ Spawn Egg Provider as the provider for SpawnEggProvider
[14:25:27] [Server thread/INFO]: [Essentials] Selected 1.12.2+ Player Locale Provider as the provider for PlayerLocaleProvider
[14:25:27] [Server thread/INFO]: [Essentials] Selected Reflection Sync Commands Provider as the provider for SyncCommandsProvider
[14:25:27] [Server thread/INFO]: [Essentials] Selected Paper Material Tag Provider as the provider for MaterialTagProvider
[14:25:27] [Server thread/INFO]: [Essentials] Selected Paper Biome Key Provider as the provider for BiomeKeyProvider
[14:25:27] [Server thread/INFO]: [Essentials] Selected 1.17.1+ World Info Provider as the provider for WorldInfoProvider
[14:25:27] [Server thread/INFO]: [Essentials] Selected 1.14+ Sign Data Provider as the provider for SignDataProvider
[14:25:27] [Server thread/INFO]: [Essentials] Selected 1.21+ InventoryView Interface ABI Provider as the provider for InventoryViewProvider
[14:25:27] [Server thread/INFO]: [Essentials] Selected 1.20.4+ Damage Event Provider as the provider for DamageEventProvider
[14:25:27] [Server thread/INFO]: [Essentials] Selected 1.20.6+ Potion Meta Provider as the provider for PotionMetaProvider
[14:25:27] [Server thread/INFO]: [Essentials] Selected 1.14.4+ Persistent Data Container Provider as the provider for PersistentDataProvider
[14:25:27] [Server thread/INFO]: [Essentials] Selected 1.8.3+ Spawner Item Provider as the provider for SpawnerItemProvider
[14:25:27] [Server thread/INFO]: [Essentials] Selected Paper Container Provider as the provider for ContainerProvider
[14:25:27] [Server thread/INFO]: [Essentials] Selected 1.12+ Spawner Block Provider as the provider for SpawnerBlockProvider
[14:25:27] [Server thread/INFO]: [Essentials] Selected Paper Server State Provider as the provider for ServerStateProvider
[14:25:27] [Server thread/INFO]: [Essentials] Selected Reflection Formatted Command Alias Provider as the provider for FormattedCommandAliasProvider
[14:25:27] [Server thread/INFO]: [Essentials] Selected 1.20.5+ Banner Data Provider as the provider for BannerDataProvider
[14:25:27] [Server thread/INFO]: [Essentials] 從模版建立設定檔：plugins\Essentials\tpr.yml
[14:25:27] [Server thread/INFO]: [Essentials] Loaded 43465 items from items.json.
[14:25:27] [Server thread/INFO]: [Essentials] 從模版建立設定檔：plugins\Essentials\custom_items.yml
[14:25:27] [Server thread/INFO]: [Essentials] Using locale zh_TW
[14:25:27] [Server thread/INFO]: [Essentials] ServerListPingEvent: Spigot iterator API
[14:25:28] [Server thread/INFO]: [Essentials] Starting Metrics. Opt-out using the global bStats config.
[14:25:28] [Server thread/INFO]: [Essentials] Using superperms-based permissions.
[14:25:28] [Server thread/INFO]: [spark] Starting background profiler...
[14:25:28] [Server thread/INFO]: [spark] The async-profiler engine is not supported for your os/arch (windows11/amd64), so the built-in Java engine will be used instead.
[14:25:28] [Server thread/INFO]: Done preparing level "world" (4.015s)
[14:25:28] [Server thread/INFO]: Running delayed init tasks
[14:25:28] [Server thread/INFO]: Done (18.740s)! For help, type "help"
[14:25:28] [Craft Scheduler Thread - 3 - Essentials/INFO]: [Essentials] 正在取得版本資訊……
[14:25:28] [Server thread/INFO]: Timings Reset
[14:25:29] [Craft Scheduler Thread - 3 - Essentials/WARN]: [Essentials] 已有新的 EssentialsX 版本可供下載：2.21.2。
[14:25:29] [Craft Scheduler Thread - 3 - Essentials/WARN]: [Essentials] 請到這裡下載：https://essentialsx.net/downloads.html?branch=stable
[14:31:33] [Server thread/INFO]: Stopping server
[14:31:33] [Server thread/INFO]: [Essentials] Disabling Essentials v2.21.0
[14:31:33] [Server thread/INFO]: [Oneblock] Disabling Oneblock v1.6.1a
[14:31:33] [Server thread/INFO]: Saving players
[14:31:33] [Server thread/INFO]: Saving worlds
[14:31:33] [Server thread/INFO]: Saving chunks for level 'ServerLevel[world]'/minecraft:overworld
[14:31:33] [Server thread/INFO]: [ChunkHolderManager] Waiting 60s for chunk system to halt for world 'world'
[14:31:33] [Server thread/INFO]: [ChunkHolderManager] Halted chunk system for world 'world'
[14:31:33] [Server thread/INFO]: [ChunkHolderManager] Saving all chunkholders for world 'world'
[14:31:33] [Server thread/INFO]: [ChunkHolderManager] Saved 0 block chunks, 0 entity chunks, 0 poi chunks in world 'world' in 0.05s
[14:31:33] [Server thread/INFO]: Saving chunks for level 'ServerLevel[world_nether]'/minecraft:the_nether
[14:31:33] [Server thread/INFO]: [ChunkHolderManager] Waiting 60s for chunk system to halt for world 'world_nether'
[14:31:33] [Server thread/INFO]: [ChunkHolderManager] Halted chunk system for world 'world_nether'
[14:31:33] [Server thread/INFO]: [ChunkHolderManager] Saving all chunkholders for world 'world_nether'
[14:31:33] [Server thread/INFO]: [ChunkHolderManager] Saved 0 block chunks, 0 entity chunks, 0 poi chunks in world 'world_nether' in 0.08s
[14:31:33] [Server thread/INFO]: Saving chunks for level 'ServerLevel[world_the_end]'/minecraft:the_end
[14:31:33] [Server thread/INFO]: [ChunkHolderManager] Waiting 60s for chunk system to halt for world 'world_the_end'
[14:31:33] [Server thread/INFO]: [ChunkHolderManager] Halted chunk system for world 'world_the_end'
[14:31:33] [Server thread/INFO]: [ChunkHolderManager] Saving all chunkholders for world 'world_the_end'
[14:31:34] [Server thread/INFO]: [ChunkHolderManager] Saved 0 block chunks, 10 entity chunks, 0 poi chunks in world 'world_the_end' in 0.19s
[14:31:34] [Server thread/INFO]: ThreadedAnvilChunkStorage (world): All chunks are saved
[14:31:34] [Server thread/INFO]: ThreadedAnvilChunkStorage (DIM-1): All chunks are saved
[14:31:34] [Server thread/INFO]: ThreadedAnvilChunkStorage (DIM1): All chunks are saved
[14:31:34] [Server thread/INFO]: ThreadedAnvilChunkStorage: All dimensions are saved
